// Jest Snapshot v1, https://goo.gl/fbAQLP

exports[`<Popover /> create Popover 1`] = `
<div
  className="fd-popper__control fd-popover"
>
  <span
    className="sap-icon--cart sap-icon--xl"
    onClick={[Function]}
  />
</div>
`;

exports[`<Popover /> create Popover 2`] = `
<div
  className="fd-popper__control fd-popover"
>
  <span
    className="sap-icon--cart sap-icon--xl"
    onClick={[Function]}
  />
</div>
`;

exports[`<Popover /> create Popover 3`] = `
<div
  className="fd-popper__control fd-popover"
>
  <span
    className="sap-icon--cart sap-icon--xl"
    onClick={[Function]}
  />
</div>
`;

exports[`<Popover /> create Popover 4`] = `
<div
  className="fd-popper__control fd-popover"
>
  <span
    className="sap-icon--cart sap-icon--xl"
    onClick={[Function]}
  />
</div>
`;
